%!Adobe-FontList 1.25
%Locale:0x412

%BeginFont
Handler:DirectoryHandler
FontType:Invalid
OutlineFileName:/Users/seohan/Downloads/26풀수록_수학Ⅰ본문/Document fonts/AdobeFnt14.lst
FileLength:8945
FileModTime:792709200
%EndFont

%BeginFont
Handler:DirectoryHandler
FontType:Invalid
OutlineFileName:/Users/seohan/Downloads/26풀수록_수학Ⅰ본문/Document fonts/AdobeFnt23.lst
FileLength:12599
FileModTime:792709200
%EndFont

%BeginFont
Handler:DirectoryHandler
FontType:Invalid
OutlineFileName:/Users/seohan/Downloads/26풀수록_수학Ⅰ본문/Document fonts/AdobeFnt25.lst
FileLength:13308
FileModTime:792741883
%EndFont

%BeginFont
Handler:DirectoryHandler
FontType:CID
FontName:AdobeMyungjoStd-Medium
FamilyName:Adobe Myungjo Std
StyleName:M
MenuName:Adobe 명조 Std M
StyleBits:0
WeightClass:500
WidthClass:5
AngleClass:0
FullName:Adobe Myungjo Std M
FamilyNameNative:Adobe 명조 Std
StyleNameNative:M
FullNameNative:Adobe 명조 Std M
WritingScript:Korean
OutlineFileName:/Users/seohan/Downloads/26풀수록_수학Ⅰ본문/Document fonts/AdobeMyungjoStd-Medium.otf
DataFormat:sfntData
isCFF:yes
hasSVG:no
hasSBIX:no
hasCOLR:no
VariableFontType:NonVariableFont
FileLength:4103860
FileModTime:792709200
NameArray:0,Mac,4,Adobe Myungjo Std M
NameArray:3,Mac,4,Adobe 명조 Std M
NameArray:0,Win,1,Adobe Myungjo Std M
NameArray:0,Win,16,Adobe Myungjo Std
NameArray:3,Win,1,Adobe 명조 Std M
NameArray:3,Win,16,Adobe 명조 Std
%EndFont

%BeginFont
Handler:DirectoryHandler
FontType:TrueType
FontName:Dinreg
FamilyName:Dinreg
StyleName:Regular
MenuName:Dinreg
StyleBits:0
WeightClass:5
WidthClass:5
AngleClass:0
FullName:Dinreg Regular
WritingScript:Roman
OutlineFileName:/Users/seohan/Downloads/26풀수록_수학Ⅰ본문/Document fonts/Dinreg Regular.ttf
DataFormat:sfntData
hasSVG:no
hasSBIX:no
hasCOLR:no
VariableFontType:NonVariableFont
FileLength:38444
FileModTime:792709200
NameArray:0,Mac,4,Dinreg Regular
NameArray:0,Win,1,Dinreg
%EndFont

%BeginFont
Handler:DirectoryHandler
FontType:TrueType
FontName:NPSIG
FamilyName:NP_SIG
StyleName:Regular
MenuName:NP_SIG
StyleBits:0
WeightClass:400
WidthClass:5
AngleClass:0
FullName:NP_SIG
WritingScript:Roman
OutlineFileName:/Users/seohan/Downloads/26풀수록_수학Ⅰ본문/Document fonts/NP_SIG.TTF
DataFormat:sfntData
hasSVG:no
hasSBIX:no
hasCOLR:no
VariableFontType:NonVariableFont
FileLength:27624
FileModTime:792709200
NameArray:0,Mac,4,NP_SIG
NameArray:0,Win,1,NP_SIG
%EndFont

%BeginFont
Handler:DirectoryHandler
FontType:CID
FontName:TmonMonsoriOTFBlack
FamilyName:TmonMonsoriOTF
StyleName:Black
MenuName:Tmon몬소리OTF Black
StyleBits:2
WeightClass:900
WidthClass:5
AngleClass:0
FullName:TmonMonsoriOTF Black
FamilyNameNative:Tmon몬소리OTF
StyleNameNative:Black
FullNameNative:Tmon몬소리OTF Black
WritingScript:Korean
OutlineFileName:/Users/seohan/Downloads/26풀수록_수학Ⅰ본문/Document fonts/TmonMonsori.otf.otf
DataFormat:sfntData
isCFF:yes
hasSVG:no
hasSBIX:no
hasCOLR:no
VariableFontType:NonVariableFont
FileLength:2237940
FileModTime:792709200
NameArray:0,Mac,4,TmonMonsoriOTF Black
NameArray:3,Mac,4,Tmon몬소리OTF Black
NameArray:0,Win,1,TmonMonsoriOTF Black
NameArray:0,Win,16,TmonMonsoriOTF
NameArray:3,Win,1,Tmon몬소리OTF Black
NameArray:3,Win,16,Tmon몬소리OTF
%EndFont

%BeginFont
Handler:DirectoryHandler
FontType:TrueType
FontName:TimeBurner
FamilyName:TimeBurner
StyleName:Regular
MenuName:TimeBurner
StyleBits:0
WeightClass:400
WidthClass:5
AngleClass:0
FullName:TimeBurner
WritingScript:Roman
OutlineFileName:/Users/seohan/Downloads/26풀수록_수학Ⅰ본문/Document fonts/timeburnernormal.ttf
DataFormat:sfntData
hasSVG:no
hasSBIX:no
hasCOLR:no
VariableFontType:NonVariableFont
FileLength:62784
FileModTime:792709200
NameArray:0,Mac,18,TimeBurner
NameArray:0,Mac,4,TimeBurner
NameArray:0,Win,1,TimeBurner
%EndFont

%BeginFont
Handler:DirectoryHandler
FontType:TrueType
FontName:AvenirNextCondensed-Bold
FamilyName:Avenir Next Condensed
StyleName:Bold
MenuName:Avenir Next Condensed
StyleBits:2
WeightClass:700
WidthClass:3
AngleClass:0
FullName:Avenir Next Condensed Bold
WritingScript:Roman
OutlineFileName:/Users/seohan/Downloads/26풀수록_수학Ⅰ본문/Document fonts/Avenir Next Condensed.ttc
TTCOffset:72
DataFormat:sfntData
hasSVG:no
hasSBIX:no
hasCOLR:no
VariableFontType:NonVariableFont
FileLength:3284564
FileModTime:792709200
NameArray:0,Mac,18,Avenir Next Condensed Bold
NameArray:0,Mac,4,Avenir Next Condensed Bold
NameArray:0,Win,1,Avenir Next Condensed
NameArray:0,Win,16,Avenir Next Condensed
%EndFont

%BeginFont
Handler:DirectoryHandler
FontType:TrueType
FontName:AvenirNextCondensed-BoldItalic
FamilyName:Avenir Next Condensed
StyleName:Bold Italic
MenuName:Avenir Next Condensed
StyleBits:0
WeightClass:700
WidthClass:3
AngleClass:1
FullName:Avenir Next Condensed Bold Italic
WritingScript:Roman
OutlineFileName:/Users/seohan/Downloads/26풀수록_수학Ⅰ본문/Document fonts/Avenir Next Condensed.ttc
TTCOffset:372
DataFormat:sfntData
hasSVG:no
hasSBIX:no
hasCOLR:no
VariableFontType:NonVariableFont
FileLength:3284564
FileModTime:792709200
NameArray:0,Mac,18,Avenir Next Condensed Bold Italic
NameArray:0,Mac,4,Avenir Next Condensed Bold Italic
NameArray:0,Win,1,Avenir Next Condensed
NameArray:0,Win,16,Avenir Next Condensed
%EndFont

%BeginFont
Handler:DirectoryHandler
FontType:TrueType
FontName:AvenirNextCondensed-DemiBold
FamilyName:Avenir Next Condensed
StyleName:Demi Bold
MenuName:Avenir Next Condensed Demi Bold
StyleBits:0
WeightClass:600
WidthClass:3
AngleClass:0
FullName:Avenir Next Condensed Demi Bold
WritingScript:Roman
OutlineFileName:/Users/seohan/Downloads/26풀수록_수학Ⅰ본문/Document fonts/Avenir Next Condensed.ttc
TTCOffset:672
DataFormat:sfntData
hasSVG:no
hasSBIX:no
hasCOLR:no
VariableFontType:NonVariableFont
FileLength:3284564
FileModTime:792709200
NameArray:0,Mac,18,Avenir Next Condensed Demi Bold
NameArray:0,Mac,4,Avenir Next Condensed Demi Bold
NameArray:0,Win,1,Avenir Next Condensed Demi Bold
NameArray:0,Win,16,Avenir Next Condensed
%EndFont

%BeginFont
Handler:DirectoryHandler
FontType:TrueType
FontName:AvenirNextCondensed-DemiBoldItalic
FamilyName:Avenir Next Condensed
StyleName:Demi Bold Italic
MenuName:Avenir Next Condensed Demi Bold
StyleBits:0
WeightClass:600
WidthClass:3
AngleClass:1
FullName:Avenir Next Condensed Demi Bold Italic
WritingScript:Roman
OutlineFileName:/Users/seohan/Downloads/26풀수록_수학Ⅰ본문/Document fonts/Avenir Next Condensed.ttc
TTCOffset:972
DataFormat:sfntData
hasSVG:no
hasSBIX:no
hasCOLR:no
VariableFontType:NonVariableFont
FileLength:3284564
FileModTime:792709200
NameArray:0,Mac,18,Avenir Next Condensed Demi Bold Italic
NameArray:0,Mac,4,Avenir Next Condensed Demi Bold Italic
NameArray:0,Win,1,Avenir Next Condensed Demi Bold
NameArray:0,Win,16,Avenir Next Condensed
%EndFont

%BeginFont
Handler:DirectoryHandler
FontType:TrueType
FontName:AvenirNextCondensed-Heavy
FamilyName:Avenir Next Condensed
StyleName:Heavy
MenuName:Avenir Next Condensed Heavy
StyleBits:0
WeightClass:900
WidthClass:3
AngleClass:0
FullName:Avenir Next Condensed Heavy
WritingScript:Roman
OutlineFileName:/Users/seohan/Downloads/26풀수록_수학Ⅰ본문/Document fonts/Avenir Next Condensed.ttc
TTCOffset:2472
DataFormat:sfntData
hasSVG:no
hasSBIX:no
hasCOLR:no
VariableFontType:NonVariableFont
FileLength:3284564
FileModTime:792709200
NameArray:0,Mac,18,Avenir Next Condensed Heavy
NameArray:0,Mac,4,Avenir Next Condensed Heavy
NameArray:0,Win,1,Avenir Next Condensed Heavy
NameArray:0,Win,16,Avenir Next Condensed
%EndFont

%BeginFont
Handler:DirectoryHandler
FontType:TrueType
FontName:AvenirNextCondensed-HeavyItalic
FamilyName:Avenir Next Condensed
StyleName:Heavy Italic
MenuName:Avenir Next Condensed Heavy
StyleBits:0
WeightClass:900
WidthClass:3
AngleClass:0
FullName:Avenir Next Condensed Heavy Italic
WritingScript:Roman
OutlineFileName:/Users/seohan/Downloads/26풀수록_수학Ⅰ본문/Document fonts/Avenir Next Condensed.ttc
TTCOffset:2772
DataFormat:sfntData
hasSVG:no
hasSBIX:no
hasCOLR:no
VariableFontType:NonVariableFont
FileLength:3284564
FileModTime:792709200
NameArray:0,Mac,18,Avenir Next Condensed Heavy Italic
NameArray:0,Mac,4,Avenir Next Condensed Heavy Italic
NameArray:0,Win,1,Avenir Next Condensed Heavy
NameArray:0,Win,16,Avenir Next Condensed
%EndFont

%BeginFont
Handler:DirectoryHandler
FontType:TrueType
FontName:AvenirNextCondensed-Italic
FamilyName:Avenir Next Condensed
StyleName:Italic
MenuName:Avenir Next Condensed
StyleBits:0
WeightClass:400
WidthClass:3
AngleClass:1
FullName:Avenir Next Condensed Italic
WritingScript:Roman
OutlineFileName:/Users/seohan/Downloads/26풀수록_수학Ⅰ본문/Document fonts/Avenir Next Condensed.ttc
TTCOffset:1272
DataFormat:sfntData
hasSVG:no
hasSBIX:no
hasCOLR:no
VariableFontType:NonVariableFont
FileLength:3284564
FileModTime:792709200
NameArray:0,Mac,18,Avenir Next Condensed Italic
NameArray:0,Mac,4,Avenir Next Condensed Italic
NameArray:0,Win,1,Avenir Next Condensed
NameArray:0,Win,16,Avenir Next Condensed
%EndFont

%BeginFont
Handler:DirectoryHandler
FontType:TrueType
FontName:AvenirNextCondensed-Medium
FamilyName:Avenir Next Condensed
StyleName:Medium
MenuName:Avenir Next Condensed Medium
StyleBits:0
WeightClass:500
WidthClass:3
AngleClass:0
FullName:Avenir Next Condensed Medium
WritingScript:Roman
OutlineFileName:/Users/seohan/Downloads/26풀수록_수학Ⅰ본문/Document fonts/Avenir Next Condensed.ttc
TTCOffset:1572
DataFormat:sfntData
hasSVG:no
hasSBIX:no
hasCOLR:no
VariableFontType:NonVariableFont
FileLength:3284564
FileModTime:792709200
NameArray:0,Mac,18,Avenir Next Condensed Medium
NameArray:0,Mac,4,Avenir Next Condensed Medium
NameArray:0,Win,1,Avenir Next Condensed Medium
NameArray:0,Win,16,Avenir Next Condensed
%EndFont

%BeginFont
Handler:DirectoryHandler
FontType:TrueType
FontName:AvenirNextCondensed-MediumItalic
FamilyName:Avenir Next Condensed
StyleName:Medium Italic
MenuName:Avenir Next Condensed Medium
StyleBits:1
WeightClass:500
WidthClass:3
AngleClass:0
FullName:Avenir Next Medium Condensed Italic
WritingScript:Roman
OutlineFileName:/Users/seohan/Downloads/26풀수록_수학Ⅰ본문/Document fonts/Avenir Next Condensed.ttc
TTCOffset:1872
DataFormat:sfntData
hasSVG:no
hasSBIX:no
hasCOLR:no
VariableFontType:NonVariableFont
FileLength:3284564
FileModTime:792709200
NameArray:0,Mac,18,Avenir Next Condensed Medium Italic
NameArray:0,Mac,4,Avenir Next Condensed Medium Italic
NameArray:0,Win,1,Avenir Next Condensed Medium
NameArray:0,Win,16,Avenir Next Condensed
%EndFont

%BeginFont
Handler:DirectoryHandler
FontType:TrueType
FontName:AvenirNextCondensed-Regular
FamilyName:Avenir Next Condensed
StyleName:Regular
MenuName:Avenir Next Condensed
StyleBits:0
WeightClass:400
WidthClass:3
AngleClass:0
FullName:Avenir Next Condensed Regular
WritingScript:Roman
OutlineFileName:/Users/seohan/Downloads/26풀수록_수학Ⅰ본문/Document fonts/Avenir Next Condensed.ttc
TTCOffset:2172
DataFormat:sfntData
hasSVG:no
hasSBIX:no
hasCOLR:no
VariableFontType:NonVariableFont
FileLength:3284564
FileModTime:792709200
NameArray:0,Mac,18,Avenir Next Condensed Regular
NameArray:0,Mac,4,Avenir Next Condensed Regular
NameArray:0,Win,1,Avenir Next Condensed
NameArray:0,Win,16,Avenir Next Condensed
%EndFont

%BeginFont
Handler:DirectoryHandler
FontType:TrueType
FontName:AvenirNextCondensed-UltraLight
FamilyName:Avenir Next Condensed
StyleName:Ultra Light
MenuName:Avenir Next Condensed Ultra Light
StyleBits:0
WeightClass:275
WidthClass:3
AngleClass:0
FullName:Avenir Next Condensed Ultra Light
WritingScript:Roman
OutlineFileName:/Users/seohan/Downloads/26풀수록_수학Ⅰ본문/Document fonts/Avenir Next Condensed.ttc
TTCOffset:3072
DataFormat:sfntData
hasSVG:no
hasSBIX:no
hasCOLR:no
VariableFontType:NonVariableFont
FileLength:3284564
FileModTime:792709200
NameArray:0,Mac,18,Avenir Next Condensed Ultra Light
NameArray:0,Mac,4,Avenir Next Condensed Ultra Light
NameArray:0,Win,1,Avenir Next Condensed Ultra Light
NameArray:0,Win,16,Avenir Next Condensed
%EndFont

%BeginFont
Handler:DirectoryHandler
FontType:TrueType
FontName:AvenirNextCondensed-UltraLightItalic
FamilyName:Avenir Next Condensed
StyleName:Ultra Light Italic
MenuName:Avenir Next Condensed Ultra Light
StyleBits:0
WeightClass:275
WidthClass:3
AngleClass:0
FullName:Avenir Next Condensed Ultra Light Italic
WritingScript:Roman
OutlineFileName:/Users/seohan/Downloads/26풀수록_수학Ⅰ본문/Document fonts/Avenir Next Condensed.ttc
TTCOffset:3372
DataFormat:sfntData
hasSVG:no
hasSBIX:no
hasCOLR:no
VariableFontType:NonVariableFont
FileLength:3284564
FileModTime:792709200
NameArray:0,Mac,18,Avenir Next Condensed Ultra Light Italic
NameArray:0,Mac,4,Avenir Next Condensed Ultra Light Italic
NameArray:0,Win,1,Avenir Next Condensed Ultra Light
NameArray:0,Win,16,Avenir Next Condensed
%EndFont

